2026-03-01 12:28:41,248 - app.main - INFO - [STARTUP] Hospital Appointment & Medical Record Management v1.0.0
2026-03-01 12:28:41,248 - app.main - INFO - Debug mode: False
2026-03-01 12:28:41,249 - app.main - INFO - Database: localhost:5432/hospital_db
2026-03-01 12:28:41,530 - apscheduler.scheduler - INFO - Adding job tentatively -- it will be properly scheduled when the scheduler starts
2026-03-01 12:28:41,531 - app.tasks.reminder_scheduler - INFO - Appointment reminder job scheduled for 08:00 UTC daily
2026-03-01 12:28:41,534 - apscheduler.scheduler - INFO - Adding job tentatively -- it will be properly scheduled when the scheduler starts
2026-03-01 12:28:41,535 - app.tasks.reminder_scheduler - INFO - Cleanup job scheduled to run hourly
2026-03-01 12:28:41,559 - apscheduler.scheduler - INFO - Added job "Send appointment reminders" to job store "default"
2026-03-01 12:28:41,560 - apscheduler.scheduler - INFO - Added job "Cleanup old reminders" to job store "default"
2026-03-01 12:28:41,560 - apscheduler.scheduler - INFO - Scheduler started
2026-03-01 12:28:41,562 - app.tasks.reminder_scheduler - INFO - Background scheduler started successfully
2026-03-01 12:28:41,565 - app.main - INFO - [OK] Background scheduler initialized
2026-03-01 12:33:14,090 - app.routes.auth_routes - ERROR - Login error: (psycopg2.OperationalError) connection to server at "localhost" (::1), port 5432 failed: Connection refused (0x0000274D/10061)
	Is the server running on that host and accepting TCP/IP connections?
connection to server at "localhost" (127.0.0.1), port 5432 failed: Connection refused (0x0000274D/10061)
	Is the server running on that host and accepting TCP/IP connections?

(Background on this error at: https://sqlalche.me/e/20/e3q8)
2026-03-01 12:33:58,532 - apscheduler.scheduler - INFO - Scheduler has been shut down
2026-03-01 12:33:58,540 - app.tasks.reminder_scheduler - INFO - Background scheduler stopped
2026-03-01 12:33:58,541 - app.main - INFO - [OK] Background scheduler stopped
2026-03-01 12:33:58,541 - app.main - INFO - [SHUTDOWN] Shutting down application
